Archive member included to satisfy reference by file (symbol)

c:/st/stm32cubeide_1.7.0/stm32cubeide/plugins/com.st.stm32cube.ide.mcu.externaltools.gnu-tools-for-stm32.9-2020-q2-update.win32_2.0.0.202105311346/tools/bin/../lib/gcc/arm-none-eabi/9.3.1/../../../../arm-none-eabi/lib/thumb/v7e-m+dp/hard\libc_nano.a(lib_a-errno.o)
                              ./Core/Src/syscalls.o (__errno)
c:/st/stm32cubeide_1.7.0/stm32cubeide/plugins/com.st.stm32cube.ide.mcu.externaltools.gnu-tools-for-stm32.9-2020-q2-update.win32_2.0.0.202105311346/tools/bin/../lib/gcc/arm-none-eabi/9.3.1/../../../../arm-none-eabi/lib/thumb/v7e-m+dp/hard\libc_nano.a(lib_a-exit.o)
                              c:/st/stm32cubeide_1.7.0/stm32cubeide/plugins/com.st.stm32cube.ide.mcu.externaltools.gnu-tools-for-stm32.9-2020-q2-update.win32_2.0.0.202105311346/tools/bin/../lib/gcc/arm-none-eabi/9.3.1/../../../../arm-none-eabi/lib/thumb/v7e-m+dp/hard/crt0.o (exit)
c:/st/stm32cubeide_1.7.0/stm32cubeide/plugins/com.st.stm32cube.ide.mcu.externaltools.gnu-tools-for-stm32.9-2020-q2-update.win32_2.0.0.202105311346/tools/bin/../lib/gcc/arm-none-eabi/9.3.1/../../../../arm-none-eabi/lib/thumb/v7e-m+dp/hard\libc_nano.a(lib_a-impure.o)
                              c:/st/stm32cubeide_1.7.0/stm32cubeide/plugins/com.st.stm32cube.ide.mcu.externaltools.gnu-tools-for-stm32.9-2020-q2-update.win32_2.0.0.202105311346/tools/bin/../lib/gcc/arm-none-eabi/9.3.1/../../../../arm-none-eabi/lib/thumb/v7e-m+dp/hard\libc_nano.a(lib_a-exit.o) (_global_impure_ptr)
c:/st/stm32cubeide_1.7.0/stm32cubeide/plugins/com.st.stm32cube.ide.mcu.externaltools.gnu-tools-for-stm32.9-2020-q2-update.win32_2.0.0.202105311346/tools/bin/../lib/gcc/arm-none-eabi/9.3.1/../../../../arm-none-eabi/lib/thumb/v7e-m+dp/hard\libc_nano.a(lib_a-init.o)
                              c:/st/stm32cubeide_1.7.0/stm32cubeide/plugins/com.st.stm32cube.ide.mcu.externaltools.gnu-tools-for-stm32.9-2020-q2-update.win32_2.0.0.202105311346/tools/bin/../lib/gcc/arm-none-eabi/9.3.1/../../../../arm-none-eabi/lib/thumb/v7e-m+dp/hard/crt0.o (__libc_init_array)
c:/st/stm32cubeide_1.7.0/stm32cubeide/plugins/com.st.stm32cube.ide.mcu.externaltools.gnu-tools-for-stm32.9-2020-q2-update.win32_2.0.0.202105311346/tools/bin/../lib/gcc/arm-none-eabi/9.3.1/../../../../arm-none-eabi/lib/thumb/v7e-m+dp/hard\libc_nano.a(lib_a-memset.o)
                              c:/st/stm32cubeide_1.7.0/stm32cubeide/plugins/com.st.stm32cube.ide.mcu.externaltools.gnu-tools-for-stm32.9-2020-q2-update.win32_2.0.0.202105311346/tools/bin/../lib/gcc/arm-none-eabi/9.3.1/../../../../arm-none-eabi/lib/thumb/v7e-m+dp/hard/crt0.o (memset)
c:/st/stm32cubeide_1.7.0/stm32cubeide/plugins/com.st.stm32cube.ide.mcu.externaltools.gnu-tools-for-stm32.9-2020-q2-update.win32_2.0.0.202105311346/tools/bin/../lib/gcc/arm-none-eabi/9.3.1/../../../../arm-none-eabi/lib/thumb/v7e-m+dp/hard\libc_nano.a(lib_a-strcmp.o)
                              ./Core/Src/main.o (strcmp)
c:/st/stm32cubeide_1.7.0/stm32cubeide/plugins/com.st.stm32cube.ide.mcu.externaltools.gnu-tools-for-stm32.9-2020-q2-update.win32_2.0.0.202105311346/tools/bin/../lib/gcc/arm-none-eabi/9.3.1/../../../../arm-none-eabi/lib/thumb/v7e-m+dp/hard\libc_nano.a(lib_a-strlen.o)
                              ./Core/Src/main.o (strlen)
c:/st/stm32cubeide_1.7.0/stm32cubeide/plugins/com.st.stm32cube.ide.mcu.externaltools.gnu-tools-for-stm32.9-2020-q2-update.win32_2.0.0.202105311346/tools/bin/../lib/gcc/arm-none-eabi/9.3.1/thumb/v7e-m+dp/hard\libgcc.a(_aeabi_uldivmod.o)
                              ./Drivers/STM32H7xx_HAL_Driver/Src/stm32h7xx_hal_uart.o (__aeabi_uldivmod)
c:/st/stm32cubeide_1.7.0/stm32cubeide/plugins/com.st.stm32cube.ide.mcu.externaltools.gnu-tools-for-stm32.9-2020-q2-update.win32_2.0.0.202105311346/tools/bin/../lib/gcc/arm-none-eabi/9.3.1/thumb/v7e-m+dp/hard\libgcc.a(_udivmoddi4.o)
                              c:/st/stm32cubeide_1.7.0/stm32cubeide/plugins/com.st.stm32cube.ide.mcu.externaltools.gnu-tools-for-stm32.9-2020-q2-update.win32_2.0.0.202105311346/tools/bin/../lib/gcc/arm-none-eabi/9.3.1/thumb/v7e-m+dp/hard\libgcc.a(_aeabi_uldivmod.o) (__udivmoddi4)
c:/st/stm32cubeide_1.7.0/stm32cubeide/plugins/com.st.stm32cube.ide.mcu.externaltools.gnu-tools-for-stm32.9-2020-q2-update.win32_2.0.0.202105311346/tools/bin/../lib/gcc/arm-none-eabi/9.3.1/thumb/v7e-m+dp/hard\libgcc.a(_dvmd_tls.o)
                              c:/st/stm32cubeide_1.7.0/stm32cubeide/plugins/com.st.stm32cube.ide.mcu.externaltools.gnu-tools-for-stm32.9-2020-q2-update.win32_2.0.0.202105311346/tools/bin/../lib/gcc/arm-none-eabi/9.3.1/thumb/v7e-m+dp/hard\libgcc.a(_aeabi_uldivmod.o) (__aeabi_ldiv0)

Allocating common symbols
Common symbol       size              file

huart3              0x90              ./Core/Src/main.o
transfer_cplt       0x1               ./Core/Src/main.o
uwTick              0x4               ./Drivers/STM32H7xx_HAL_Driver/Src/stm32h7xx_hal.o
[...]
Memory Configuration

Name             Origin             Length             Attributes
ITCMRAM          0x0000000000000000 0x0000000000010000 xrw
DTCMRAM          0x0000000020000000 0x0000000000020000 xrw
FLASH            0x0000000008000000 0x0000000000100000 xr
RAM_D1           0x0000000024000000 0x0000000000050000 xrw
RAM_D2           0x0000000030000000 0x0000000000008000 xrw
RAM_D3           0x0000000038000000 0x0000000000004000 xrw
*default*        0x0000000000000000 0xffffffffffffffff

Linker script and memory map

LOAD c:/st/stm32cubeide_1.7.0/stm32cubeide/plugins/com.st.stm32cube.ide.mcu.externaltools.gnu-tools-for-stm32.9-2020-q2-update.win32_2.0.0.202105311346/tools/bin/../lib/gcc/arm-none-eabi/9.3.1/thumb/v7e-m+dp/hard/crti.o
LOAD c:/st/stm32cubeide_1.7.0/stm32cubeide/plugins/com.st.stm32cube.ide.mcu.externaltools.gnu-tools-for-stm32.9-2020-q2-update.win32_2.0.0.202105311346/tools/bin/../lib/gcc/arm-none-eabi/9.3.1/thumb/v7e-m+dp/hard/crtbegin.o
LOAD c:/st/stm32cubeide_1.7.0/stm32cubeide/plugins/com.st.stm32cube.ide.mcu.externaltools.gnu-tools-for-stm32.9-2020-q2-update.win32_2.0.0.202105311346/tools/bin/../lib/gcc/arm-none-eabi/9.3.1/../../../../arm-none-eabi/lib/thumb/v7e-m+dp/hard/crt0.o
LOAD ./Core/Src/main.o
LOAD ./Core/Src/stm32h7xx_hal_msp.o
LOAD ./Core/Src/stm32h7xx_it.o
LOAD ./Core/Src/syscalls.o
LOAD ./Core/Src/sysmem.o
LOAD ./Core/Src/system_stm32h7xx.o
LOAD ./Core/Startup/startup_stm32h723zgtx.o
LOAD ./Drivers/STM32H7xx_HAL_Driver/Src/stm32h7xx_hal.o
LOAD ./Drivers/STM32H7xx_HAL_Driver/Src/stm32h7xx_hal_cortex.o
LOAD ./Drivers/STM32H7xx_HAL_Driver/Src/stm32h7xx_hal_dma.o
LOAD ./Drivers/STM32H7xx_HAL_Driver/Src/stm32h7xx_hal_dma_ex.o
LOAD ./Drivers/STM32H7xx_HAL_Driver/Src/stm32h7xx_hal_eth.o
LOAD ./Drivers/STM32H7xx_HAL_Driver/Src/stm32h7xx_hal_eth_ex.o
LOAD ./Drivers/STM32H7xx_HAL_Driver/Src/stm32h7xx_hal_exti.o
LOAD ./Drivers/STM32H7xx_HAL_Driver/Src/stm32h7xx_hal_flash.o
LOAD ./Drivers/STM32H7xx_HAL_Driver/Src/stm32h7xx_hal_flash_ex.o
LOAD ./Drivers/STM32H7xx_HAL_Driver/Src/stm32h7xx_hal_gpio.o
LOAD ./Drivers/STM32H7xx_HAL_Driver/Src/stm32h7xx_hal_hsem.o
LOAD ./Drivers/STM32H7xx_HAL_Driver/Src/stm32h7xx_hal_i2c.o
LOAD ./Drivers/STM32H7xx_HAL_Driver/Src/stm32h7xx_hal_i2c_ex.o
LOAD ./Drivers/STM32H7xx_HAL_Driver/Src/stm32h7xx_hal_mdma.o
LOAD ./Drivers/STM32H7xx_HAL_Driver/Src/stm32h7xx_hal_pwr.o
LOAD ./Drivers/STM32H7xx_HAL_Driver/Src/stm32h7xx_hal_pwr_ex.o
LOAD ./Drivers/STM32H7xx_HAL_Driver/Src/stm32h7xx_hal_rcc.o
LOAD ./Drivers/STM32H7xx_HAL_Driver/Src/stm32h7xx_hal_rcc_ex.o
LOAD ./Drivers/STM32H7xx_HAL_Driver/Src/stm32h7xx_hal_tim.o
LOAD ./Drivers/STM32H7xx_HAL_Driver/Src/stm32h7xx_hal_tim_ex.o
LOAD ./Drivers/STM32H7xx_HAL_Driver/Src/stm32h7xx_hal_uart.o
LOAD ./Drivers/STM32H7xx_HAL_Driver/Src/stm32h7xx_hal_uart_ex.o
START GROUP
LOAD c:/st/stm32cubeide_1.7.0/stm32cubeide/plugins/com.st.stm32cube.ide.mcu.externaltools.gnu-tools-for-stm32.9-2020-q2-update.win32_2.0.0.202105311346/tools/bin/../lib/gcc/arm-none-eabi/9.3.1/../../../../arm-none-eabi/lib/thumb/v7e-m+dp/hard\libc_nano.a
LOAD c:/st/stm32cubeide_1.7.0/stm32cubeide/plugins/com.st.stm32cube.ide.mcu.externaltools.gnu-tools-for-stm32.9-2020-q2-update.win32_2.0.0.202105311346/tools/bin/../lib/gcc/arm-none-eabi/9.3.1/../../../../arm-none-eabi/lib/thumb/v7e-m+dp/hard\libm.a
END GROUP
START GROUP
LOAD c:/st/stm32cubeide_1.7.0/stm32cubeide/plugins/com.st.stm32cube.ide.mcu.externaltools.gnu-tools-for-stm32.9-2020-q2-update.win32_2.0.0.202105311346/tools/bin/../lib/gcc/arm-none-eabi/9.3.1/thumb/v7e-m+dp/hard\libgcc.a
LOAD c:/st/stm32cubeide_1.7.0/stm32cubeide/plugins/com.st.stm32cube.ide.mcu.externaltools.gnu-tools-for-stm32.9-2020-q2-update.win32_2.0.0.202105311346/tools/bin/../lib/gcc/arm-none-eabi/9.3.1/../../../../arm-none-eabi/lib/thumb/v7e-m+dp/hard\libc_nano.a
END GROUP
START GROUP
LOAD c:/st/stm32cubeide_1.7.0/stm32cubeide/plugins/com.st.stm32cube.ide.mcu.externaltools.gnu-tools-for-stm32.9-2020-q2-update.win32_2.0.0.202105311346/tools/bin/../lib/gcc/arm-none-eabi/9.3.1/thumb/v7e-m+dp/hard\libgcc.a
LOAD c:/st/stm32cubeide_1.7.0/stm32cubeide/plugins/com.st.stm32cube.ide.mcu.externaltools.gnu-tools-for-stm32.9-2020-q2-update.win32_2.0.0.202105311346/tools/bin/../lib/gcc/arm-none-eabi/9.3.1/../../../../arm-none-eabi/lib/thumb/v7e-m+dp/hard\libc_nano.a
LOAD c:/st/stm32cubeide_1.7.0/stm32cubeide/plugins/com.st.stm32cube.ide.mcu.externaltools.gnu-tools-for-stm32.9-2020-q2-update.win32_2.0.0.202105311346/tools/bin/../lib/gcc/arm-none-eabi/9.3.1/../../../../arm-none-eabi/lib/thumb/v7e-m+dp/hard\libnosys.a
END GROUP
START GROUP
LOAD c:/st/stm32cubeide_1.7.0/stm32cubeide/plugins/com.st.stm32cube.ide.mcu.externaltools.gnu-tools-for-stm32.9-2020-q2-update.win32_2.0.0.202105311346/tools/bin/../lib/gcc/arm-none-eabi/9.3.1/thumb/v7e-m+dp/hard\libgcc.a
LOAD c:/st/stm32cubeide_1.7.0/stm32cubeide/plugins/com.st.stm32cube.ide.mcu.externaltools.gnu-tools-for-stm32.9-2020-q2-update.win32_2.0.0.202105311346/tools/bin/../lib/gcc/arm-none-eabi/9.3.1/../../../../arm-none-eabi/lib/thumb/v7e-m+dp/hard\libc_nano.a
LOAD c:/st/stm32cubeide_1.7.0/stm32cubeide/plugins/com.st.stm32cube.ide.mcu.externaltools.gnu-tools-for-stm32.9-2020-q2-update.win32_2.0.0.202105311346/tools/bin/../lib/gcc/arm-none-eabi/9.3.1/../../../../arm-none-eabi/lib/thumb/v7e-m+dp/hard\libnosys.a
END GROUP
LOAD c:/st/stm32cubeide_1.7.0/stm32cubeide/plugins/com.st.stm32cube.ide.mcu.externaltools.gnu-tools-for-stm32.9-2020-q2-update.win32_2.0.0.202105311346/tools/bin/../lib/gcc/arm-none-eabi/9.3.1/thumb/v7e-m+dp/hard/crtend.o
LOAD c:/st/stm32cubeide_1.7.0/stm32cubeide/plugins/com.st.stm32cube.ide.mcu.externaltools.gnu-tools-for-stm32.9-2020-q2-update.win32_2.0.0.202105311346/tools/bin/../lib/gcc/arm-none-eabi/9.3.1/thumb/v7e-m+dp/hard/crtn.o
                0x0000000024050000                _estack = (ORIGIN (RAM_D1) + LENGTH (RAM_D1))
                0x0000000000000200                _Min_Heap_Size = 0x200
                0x0000000000000400                _Min_Stack_Size = 0x400

.isr_vector     0x0000000008000000      0x2cc
                0x0000000008000000                . = ALIGN (0x4)
 *(.isr_vector)
 .isr_vector    0x0000000008000000      0x2cc ./Core/Startup/startup_stm32h723zgtx.o
                0x0000000008000000                g_pfnVectors
                0x00000000080002cc                . = ALIGN (0x4)

.text           0x00000000080002cc     0x7528
                0x00000000080002cc                . = ALIGN (0x4)
 *(.text)
 .text          0x00000000080002cc       0x40 c:/st/stm32cubeide_1.7.0/stm32cubeide/plugins/com.st.stm32cube.ide.mcu.externaltools.gnu-tools-for-stm32.9-2020-q2-update.win32_2.0.0.202105311346/tools/bin/../lib/gcc/arm-none-eabi/9.3.1/thumb/v7e-m+dp/hard/crtbegin.o
 .text          0x000000000800030c       0x14 c:/st/stm32cubeide_1.7.0/stm32cubeide/plugins/com.st.stm32cube.ide.mcu.externaltools.gnu-tools-for-stm32.9-2020-q2-update.win32_2.0.0.202105311346/tools/bin/../lib/gcc/arm-none-eabi/9.3.1/../../../../arm-none-eabi/lib/thumb/v7e-m+dp/hard\libc_nano.a(lib_a-strcmp.o)
                0x000000000800030c                strcmp
 .text          0x0000000008000320       0x10 c:/st/stm32cubeide_1.7.0/stm32cubeide/plugins/com.st.stm32cube.ide.mcu.externaltools.gnu-tools-for-stm32.9-2020-q2-update.win32_2.0.0.202105311346/tools/bin/../lib/gcc/arm-none-eabi/9.3.1/../../../../arm-none-eabi/lib/thumb/v7e-m+dp/hard\libc_nano.a(lib_a-strlen.o)
                0x0000000008000320                strlen
 .text          0x0000000008000330       0x30 c:/st/stm32cubeide_1.7.0/stm32cubeide/plugins/com.st.stm32cube.ide.mcu.externaltools.gnu-tools-for-stm32.9-2020-q2-update.win32_2.0.0.202105311346/tools/bin/../lib/gcc/arm-none-eabi/9.3.1/thumb/v7e-m+dp/hard\libgcc.a(_aeabi_uldivmod.o)
                0x0000000008000330                __aeabi_uldivmod
 .text          0x0000000008000360      0x2c4 c:/st/stm32cubeide_1.7.0/stm32cubeide/plugins/com.st.stm32cube.ide.mcu.externaltools.gnu-tools-for-stm32.9-2020-q2-update.win32_2.0.0.202105311346/tools/bin/../lib/gcc/arm-none-eabi/9.3.1/thumb/v7e-m+dp/hard\libgcc.a(_udivmoddi4.o)
                0x0000000008000360                __udivmoddi4
 .text          0x0000000008000624        0x4 c:/st/stm32cubeide_1.7.0/stm32cubeide/plugins/com.st.stm32cube.ide.mcu.externaltools.gnu-tools-for-stm32.9-2020-q2-update.win32_2.0.0.202105311346/tools/bin/../lib/gcc/arm-none-eabi/9.3.1/thumb/v7e-m+dp/hard\libgcc.a(_dvmd_tls.o)
                0x0000000008000624                __aeabi_idiv0
                0x0000000008000624                __aeabi_ldiv0
 *(.text*)
 .text.main     0x0000000008000628       0x30 ./Core/Src/main.o
                0x0000000008000628                main
 .text.SystemClock_Config
                0x0000000008000658       0xe0 ./Core/Src/main.o
                0x0000000008000658                SystemClock_Config
 .text.MX_ETH_Init
                0x0000000008000738       0x98 ./Core/Src/main.o
 .text.MX_USART3_UART_Init
                0x00000000080007d0       0x98 ./Core/Src/main.o
 .text.MX_USB_OTG_HS_USB_Init
                0x0000000008000868        0xe ./Core/Src/main.o
 *fill*         0x0000000008000876        0x2 
 .text.MX_GPIO_Init
                0x0000000008000878      0x1f8 ./Core/Src/main.o
 .text.HAL_UART_RxCpltCallback
                0x0000000008000a70       0xf8 ./Core/Src/main.o
                0x0000000008000a70                HAL_UART_RxCpltCallback
 .text.Error_Handler
                0x0000000008000b68        0xa ./Core/Src/main.o
                0x0000000008000b68                Error_Handler
 *fill*         0x0000000008000b72        0x2 
 .text.HAL_MspInit
                0x0000000008000b74       0x34 ./Core/Src/stm32h7xx_hal_msp.o
                0x0000000008000b74                HAL_MspInit
 .text.HAL_ETH_MspInit
                0x0000000008000ba8      0x19c ./Core/Src/stm32h7xx_hal_msp.o
                0x0000000008000ba8                HAL_ETH_MspInit
 .text.HAL_UART_MspInit
                0x0000000008000d44       0xdc ./Core/Src/stm32h7xx_hal_msp.o
                0x0000000008000d44                HAL_UART_MspInit
 .text.NMI_Handler
                0x0000000008000e20        0x6 ./Core/Src/stm32h7xx_it.o
                0x0000000008000e20                NMI_Handler
 .text.HardFault_Handler
                0x0000000008000e26        0x6 ./Core/Src/stm32h7xx_it.o
                0x0000000008000e26                HardFault_Handler
 .text.MemManage_Handler
                0x0000000008000e2c        0x6 ./Core/Src/stm32h7xx_it.o
                0x0000000008000e2c                MemManage_Handler
 .text.BusFault_Handler
                0x0000000008000e32        0x6 ./Core/Src/stm32h7xx_it.o
                0x0000000008000e32                BusFault_Handler
 .text.UsageFault_Handler
                0x0000000008000e38        0x6 ./Core/Src/stm32h7xx_it.o
                0x0000000008000e38                UsageFault_Handler
 .text.SVC_Handler
                0x0000000008000e3e        0xe ./Core/Src/stm32h7xx_it.o
                0x0000000008000e3e                SVC_Handler
 .text.DebugMon_Handler
                0x0000000008000e4c        0xe ./Core/Src/stm32h7xx_it.o
                0x0000000008000e4c                DebugMon_Handler
 .text.PendSV_Handler
                0x0000000008000e5a        0xe ./Core/Src/stm32h7xx_it.o
                0x0000000008000e5a                PendSV_Handler
 .text.SysTick_Handler
                0x0000000008000e68        0xc ./Core/Src/stm32h7xx_it.o
                0x0000000008000e68                SysTick_Handler
 .text.USART3_IRQHandler
                0x0000000008000e74       0x14 ./Core/Src/stm32h7xx_it.o
                0x0000000008000e74                USART3_IRQHandler
 .text.SystemInit
                0x0000000008000e88       0xf0 ./Core/Src/system_stm32h7xx.o
                0x0000000008000e88                SystemInit
 .text.Reset_Handler
                0x0000000008000f78       0x50 ./Core/Startup/startup_stm32h723zgtx.o
                0x0000000008000f78                Reset_Handler
 .text.Default_Handler
                0x0000000008000fc8        0x2 ./Core/Startup/startup_stm32h723zgtx.o
                0x0000000008000fc8                RTC_Alarm_IRQHandler
                0x0000000008000fc8                EXTI2_IRQHandler
                0x0000000008000fc8                TIM8_CC_IRQHandler
                0x0000000008000fc8                UART8_IRQHandler
                0x0000000008000fc8                SPI4_IRQHandler
                0x0000000008000fc8                FDCAN3_IT0_IRQHandler
                0x0000000008000fc8                TIM1_CC_IRQHandler
                0x0000000008000fc8                BDMA_Channel6_IRQHandler
                0x0000000008000fc8                DMA2_Stream5_IRQHandler
                0x0000000008000fc8                DMA1_Stream5_IRQHandler
                0x0000000008000fc8                CORDIC_IRQHandler
                0x0000000008000fc8                BDMA_Channel1_IRQHandler
                0x0000000008000fc8                TAMP_STAMP_IRQHandler
                0x0000000008000fc8                EXTI3_IRQHandler
                0x0000000008000fc8                LPTIM4_IRQHandler
                0x0000000008000fc8                TIM8_TRG_COM_TIM14_IRQHandler
                0x0000000008000fc8                LPTIM2_IRQHandler
                0x0000000008000fc8                DFSDM1_FLT1_IRQHandler
                0x0000000008000fc8                DMAMUX2_OVR_IRQHandler
                0x0000000008000fc8                TIM8_UP_TIM13_IRQHandler
                0x0000000008000fc8                I2C3_ER_IRQHandler
                0x0000000008000fc8                DFSDM1_FLT2_IRQHandler
                0x0000000008000fc8                I2C5_EV_IRQHandler
                0x0000000008000fc8                USART10_IRQHandler
                0x0000000008000fc8                MDMA_IRQHandler
                0x0000000008000fc8                LPTIM3_IRQHandler
                0x0000000008000fc8                HSEM1_IRQHandler
                0x0000000008000fc8                EXTI0_IRQHandler
                0x0000000008000fc8                I2C2_EV_IRQHandler
                0x0000000008000fc8                DMA1_Stream2_IRQHandler
                0x0000000008000fc8                FPU_IRQHandler
                0x0000000008000fc8                OTG_HS_WKUP_IRQHandler
                0x0000000008000fc8                FDCAN1_IT1_IRQHandler
                0x0000000008000fc8                LTDC_ER_IRQHandler
                0x0000000008000fc8                DMA2_Stream2_IRQHandler
                0x0000000008000fc8                SPI1_IRQHandler
                0x0000000008000fc8                OCTOSPI1_IRQHandler
                0x0000000008000fc8                TIM6_DAC_IRQHandler
                0x0000000008000fc8                DMA2_Stream3_IRQHandler
                0x0000000008000fc8                OCTOSPI2_IRQHandler
                0x0000000008000fc8                DFSDM1_FLT3_IRQHandler
                0x0000000008000fc8                TIM23_IRQHandler
                0x0000000008000fc8                USART6_IRQHandler
                0x0000000008000fc8                TIM17_IRQHandler
                0x0000000008000fc8                BDMA_Channel7_IRQHandler
                0x0000000008000fc8                LPTIM5_IRQHandler
                0x0000000008000fc8                UART5_IRQHandler
                0x0000000008000fc8                ADC3_IRQHandler
                0x0000000008000fc8                DMA2_Stream0_IRQHandler
                0x0000000008000fc8                TIM4_IRQHandler
                0x0000000008000fc8                BDMA_Channel2_IRQHandler
                0x0000000008000fc8                I2C1_EV_IRQHandler
                0x0000000008000fc8                DMA1_Stream6_IRQHandler
                0x0000000008000fc8                DMAMUX1_OVR_IRQHandler
                0x0000000008000fc8                DMA1_Stream1_IRQHandler
                0x0000000008000fc8                TIM16_IRQHandler
                0x0000000008000fc8                UART4_IRQHandler
                0x0000000008000fc8                BDMA_Channel5_IRQHandler
                0x0000000008000fc8                TIM3_IRQHandler
                0x0000000008000fc8                RCC_IRQHandler
                0x0000000008000fc8                UART9_IRQHandler
                0x0000000008000fc8                TIM8_BRK_TIM12_IRQHandler
                0x0000000008000fc8                TIM1_TRG_COM_IRQHandler
                0x0000000008000fc8                Default_Handler
                0x0000000008000fc8                ECC_IRQHandler
                0x0000000008000fc8                FMAC_IRQHandler
                0x0000000008000fc8                CEC_IRQHandler
                0x0000000008000fc8                EXTI15_10_IRQHandler
                0x0000000008000fc8                BDMA_Channel0_IRQHandler
                0x0000000008000fc8                ADC_IRQHandler
                0x0000000008000fc8                I2C5_ER_IRQHandler
                0x0000000008000fc8                DMA1_Stream7_IRQHandler
                0x0000000008000fc8                SPI5_IRQHandler
                0x0000000008000fc8                TIM7_IRQHandler
                0x0000000008000fc8                FDCAN3_IT1_IRQHandler
                0x0000000008000fc8                SDMMC1_IRQHandler
                0x0000000008000fc8                TIM5_IRQHandler
                0x0000000008000fc8                DMA2_Stream7_IRQHandler
                0x0000000008000fc8                TIM15_IRQHandler
                0x0000000008000fc8                PVD_AVD_IRQHandler
                0x0000000008000fc8                I2C3_EV_IRQHandler
                0x0000000008000fc8                EXTI9_5_IRQHandler
                0x0000000008000fc8                RTC_WKUP_IRQHandler
                0x0000000008000fc8                LTDC_IRQHandler
                0x0000000008000fc8                ETH_WKUP_IRQHandler
                0x0000000008000fc8                SPDIF_RX_IRQHandler
                0x0000000008000fc8                SPI2_IRQHandler
                0x0000000008000fc8                OTG_HS_EP1_IN_IRQHandler
                0x0000000008000fc8                DMA1_Stream0_IRQHandler
                0x0000000008000fc8                TIM24_IRQHandler
                0x0000000008000fc8                CRS_IRQHandler
                0x0000000008000fc8                EXTI4_IRQHandler
                0x0000000008000fc8                RNG_IRQHandler
                0x0000000008000fc8                FDCAN2_IT1_IRQHandler
                0x0000000008000fc8                ETH_IRQHandler
                0x0000000008000fc8                TIM1_UP_IRQHandler
                0x0000000008000fc8                BDMA_Channel4_IRQHandler
                0x0000000008000fc8                OTG_HS_EP1_OUT_IRQHandler
                0x0000000008000fc8                WWDG_IRQHandler
                0x0000000008000fc8                SPI6_IRQHandler
                0x0000000008000fc8                MDIOS_IRQHandler
                0x0000000008000fc8                I2C4_EV_IRQHandler
                0x0000000008000fc8                FDCAN2_IT0_IRQHandler
                0x0000000008000fc8                LPUART1_IRQHandler
                0x0000000008000fc8                FDCAN1_IT0_IRQHandler
                0x0000000008000fc8                TIM2_IRQHandler
                0x0000000008000fc8                OTG_HS_IRQHandler
                0x0000000008000fc8                DMA2D_IRQHandler
                0x0000000008000fc8                TIM1_BRK_IRQHandler
                0x0000000008000fc8                EXTI1_IRQHandler
                0x0000000008000fc8                SDMMC2_IRQHandler
                0x0000000008000fc8                BDMA_Channel3_IRQHandler
                0x0000000008000fc8                DTS_IRQHandler
                0x0000000008000fc8                UART7_IRQHandler
                0x0000000008000fc8                MDIOS_WKUP_IRQHandler
                0x0000000008000fc8                USART2_IRQHandler
                0x0000000008000fc8                DFSDM1_FLT0_IRQHandler
                0x0000000008000fc8                SAI4_IRQHandler
                0x0000000008000fc8                I2C2_ER_IRQHandler
                0x0000000008000fc8                DMA2_Stream1_IRQHandler
                0x0000000008000fc8                FLASH_IRQHandler
                0x0000000008000fc8                DMA2_Stream4_IRQHandler
                0x0000000008000fc8                USART1_IRQHandler
                0x0000000008000fc8                SPI3_IRQHandler
                0x0000000008000fc8                WAKEUP_PIN_IRQHandler
                0x0000000008000fc8                DMA1_Stream4_IRQHandler
                0x0000000008000fc8                I2C1_ER_IRQHandler
                0x0000000008000fc8                FMC_IRQHandler
                0x0000000008000fc8                FDCAN_CAL_IRQHandler
                0x0000000008000fc8                SWPMI1_IRQHandler
                0x0000000008000fc8                COMP1_IRQHandler
                0x0000000008000fc8                LPTIM1_IRQHandler
                0x0000000008000fc8                DCMI_PSSI_IRQHandler
                0x0000000008000fc8                I2C4_ER_IRQHandler
                0x0000000008000fc8                DMA2_Stream6_IRQHandler
                0x0000000008000fc8                SAI1_IRQHandler
                0x0000000008000fc8                DMA1_Stream3_IRQHandler
 *fill*         0x0000000008000fca        0x2 
 .text.HAL_Init
                0x0000000008000fcc       0x78 ./Drivers/STM32H7xx_HAL_Driver/Src/stm32h7xx_hal.o
                0x0000000008000fcc                HAL_Init
 .text.HAL_InitTick
                0x0000000008001044       0x6c ./Drivers/STM32H7xx_HAL_Driver/Src/stm32h7xx_hal.o
                0x0000000008001044                HAL_InitTick
 .text.HAL_IncTick
                0x00000000080010b0       0x28 ./Drivers/STM32H7xx_HAL_Driver/Src/stm32h7xx_hal.o
                0x00000000080010b0                HAL_IncTick
 .text.HAL_GetTick
                0x00000000080010d8       0x18 ./Drivers/STM32H7xx_HAL_Driver/Src/stm32h7xx_hal.o
                0x00000000080010d8                HAL_GetTick
 .text.HAL_SYSCFG_ETHInterfaceSelect
                0x00000000080010f0       0x28 ./Drivers/STM32H7xx_HAL_Driver/Src/stm32h7xx_hal.o
                0x00000000080010f0                HAL_SYSCFG_ETHInterfaceSelect
 .text.__NVIC_SetPriorityGrouping
                0x0000000008001118       0x48 ./Drivers/STM32H7xx_HAL_Driver/Src/stm32h7xx_hal_cortex.o
 .text.__NVIC_GetPriorityGrouping
                0x0000000008001160       0x1c ./Drivers/STM32H7xx_HAL_Driver/Src/stm32h7xx_hal_cortex.o
 .text.__NVIC_EnableIRQ
                0x000000000800117c       0x3c ./Drivers/STM32H7xx_HAL_Driver/Src/stm32h7xx_hal_cortex.o
 .text.__NVIC_SetPriority
                0x00000000080011b8       0x54 ./Drivers/STM32H7xx_HAL_Driver/Src/stm32h7xx_hal_cortex.o
 .text.NVIC_EncodePriority
                0x000000000800120c       0x66 ./Drivers/STM32H7xx_HAL_Driver/Src/stm32h7xx_hal_cortex.o
 *fill*         0x0000000008001272        0x2 
 .text.SysTick_Config
                0x0000000008001274       0x44 ./Drivers/STM32H7xx_HAL_Driver/Src/stm32h7xx_hal_cortex.o
 .text.HAL_NVIC_SetPriorityGrouping
                0x00000000080012b8       0x16 ./Drivers/STM32H7xx_HAL_Driver/Src/stm32h7xx_hal_cortex.o
                0x00000000080012b8                HAL_NVIC_SetPriorityGrouping
 .text.HAL_NVIC_SetPriority
                0x00000000080012ce       0x34 ./Drivers/STM32H7xx_HAL_Driver/Src/stm32h7xx_hal_cortex.o
                0x00000000080012ce                HAL_NVIC_SetPriority
 .text.HAL_NVIC_EnableIRQ
                0x0000000008001302       0x1c ./Drivers/STM32H7xx_HAL_Driver/Src/stm32h7xx_hal_cortex.o
                0x0000000008001302                HAL_NVIC_EnableIRQ
 .text.HAL_SYSTICK_Config
                0x000000000800131e       0x18 ./Drivers/STM32H7xx_HAL_Driver/Src/stm32h7xx_hal_cortex.o
                0x000000000800131e                HAL_SYSTICK_Config
 *fill*         0x0000000008001336        0x2 
 .text.HAL_DMA_Abort
                0x0000000008001338      0x63c ./Drivers/STM32H7xx_HAL_Driver/Src/stm32h7xx_hal_dma.o
                0x0000000008001338                HAL_DMA_Abort
 .text.HAL_DMA_Abort_IT
                0x0000000008001974      0x488 ./Drivers/STM32H7xx_HAL_Driver/Src/stm32h7xx_hal_dma.o
                0x0000000008001974                HAL_DMA_Abort_IT
 .text.HAL_ETH_Init
                0x0000000008001dfc      0x1b4 ./Drivers/STM32H7xx_HAL_Driver/Src/stm32h7xx_hal_eth.o
                0x0000000008001dfc                HAL_ETH_Init
 .text.ETH_SetMACConfig
                0x0000000008001fb0      0x238 ./Drivers/STM32H7xx_HAL_Driver/Src/stm32h7xx_hal_eth.o
 .text.ETH_SetDMAConfig
                0x00000000080021e8      0x10c ./Drivers/STM32H7xx_HAL_Driver/Src/stm32h7xx_hal_eth.o
 .text.ETH_MACDMAConfig
                0x00000000080022f4      0x13a ./Drivers/STM32H7xx_HAL_Driver/Src/stm32h7xx_hal_eth.o
 *fill*         0x000000000800242e        0x2 
 .text.ETH_MAC_MDIO_ClkConfig
                0x0000000008002430       0xb0 ./Drivers/STM32H7xx_HAL_Driver/Src/stm32h7xx_hal_eth.o
 .text.ETH_DMATxDescListInit
                0x00000000080024e0       0x8e ./Drivers/STM32H7xx_HAL_Driver/Src/stm32h7xx_hal_eth.o
 .text.ETH_DMARxDescListInit
                0x000000000800256e       0xba ./Drivers/STM32H7xx_HAL_Driver/Src/stm32h7xx_hal_eth.o
 .text.HAL_GPIO_Init
                0x0000000008002628      0x350 ./Drivers/STM32H7xx_HAL_Driver/Src/stm32h7xx_hal_gpio.o
                0x0000000008002628                HAL_GPIO_Init
 .text.HAL_GPIO_WritePin
                0x0000000008002978       0x32 ./Drivers/STM32H7xx_HAL_Driver/Src/stm32h7xx_hal_gpio.o
                0x0000000008002978                HAL_GPIO_WritePin
 *fill*         0x00000000080029aa        0x2 
 .text.HAL_PWREx_ConfigSupply
                0x00000000080029ac       0x74 ./Drivers/STM32H7xx_HAL_Driver/Src/stm32h7xx_hal_pwr_ex.o
                0x00000000080029ac                HAL_PWREx_ConfigSupply
 .text.HAL_RCC_OscConfig
                0x0000000008002a20      0x758 ./Drivers/STM32H7xx_HAL_Driver/Src/stm32h7xx_hal_rcc.o
                0x0000000008002a20                HAL_RCC_OscConfig
 .text.HAL_RCC_ClockConfig
                0x0000000008003178      0x36c ./Drivers/STM32H7xx_HAL_Driver/Src/stm32h7xx_hal_rcc.o
                0x0000000008003178                HAL_RCC_ClockConfig
 .text.HAL_RCC_GetSysClockFreq
                0x00000000080034e4      0x2f4 ./Drivers/STM32H7xx_HAL_Driver/Src/stm32h7xx_hal_rcc.o
                0x00000000080034e4                HAL_RCC_GetSysClockFreq
 .text.HAL_RCC_GetHCLKFreq
                0x00000000080037d8       0x60 ./Drivers/STM32H7xx_HAL_Driver/Src/stm32h7xx_hal_rcc.o
                0x00000000080037d8                HAL_RCC_GetHCLKFreq
 .text.HAL_RCC_GetPCLK1Freq
                0x0000000008003838       0x2c ./Drivers/STM32H7xx_HAL_Driver/Src/stm32h7xx_hal_rcc.o
                0x0000000008003838                HAL_RCC_GetPCLK1Freq
 .text.HAL_RCC_GetPCLK2Freq
                0x0000000008003864       0x2c ./Drivers/STM32H7xx_HAL_Driver/Src/stm32h7xx_hal_rcc.o
                0x0000000008003864                HAL_RCC_GetPCLK2Freq
 .text.HAL_RCCEx_PeriphCLKConfig
                0x0000000008003890      0xdf4 ./Drivers/STM32H7xx_HAL_Driver/Src/stm32h7xx_hal_rcc_ex.o
                0x0000000008003890                HAL_RCCEx_PeriphCLKConfig
 .text.HAL_RCCEx_GetD3PCLK1Freq
                0x0000000008004684       0x2c ./Drivers/STM32H7xx_HAL_Driver/Src/stm32h7xx_hal_rcc_ex.o
                0x0000000008004684                HAL_RCCEx_GetD3PCLK1Freq
 .text.HAL_RCCEx_GetPLL2ClockFreq
                0x00000000080046b0      0x2a8 ./Drivers/STM32H7xx_HAL_Driver/Src/stm32h7xx_hal_rcc_ex.o
                0x00000000080046b0                HAL_RCCEx_GetPLL2ClockFreq
 .text.HAL_RCCEx_GetPLL3ClockFreq
                0x0000000008004958      0x2a8 ./Drivers/STM32H7xx_HAL_Driver/Src/stm32h7xx_hal_rcc_ex.o
                0x0000000008004958                HAL_RCCEx_GetPLL3ClockFreq
 .text.RCCEx_PLL2_Config
                0x0000000008004c00      0x164 ./Drivers/STM32H7xx_HAL_Driver/Src/stm32h7xx_hal_rcc_ex.o
 .text.RCCEx_PLL3_Config
                0x0000000008004d64      0x164 ./Drivers/STM32H7xx_HAL_Driver/Src/stm32h7xx_hal_rcc_ex.o
 .text.HAL_UART_Init
                0x0000000008004ec8       0xa0 ./Drivers/STM32H7xx_HAL_Driver/Src/stm32h7xx_hal_uart.o
                0x0000000008004ec8                HAL_UART_Init
 .text.HAL_UART_Transmit
                0x0000000008004f68      0x12c ./Drivers/STM32H7xx_HAL_Driver/Src/stm32h7xx_hal_uart.o
                0x0000000008004f68                HAL_UART_Transmit
 .text.HAL_UART_Receive_IT
                0x0000000008005094       0xac ./Drivers/STM32H7xx_HAL_Driver/Src/stm32h7xx_hal_uart.o
                0x0000000008005094                HAL_UART_Receive_IT
 .text.HAL_UART_IRQHandler
                0x0000000008005140      0x73c ./Drivers/STM32H7xx_HAL_Driver/Src/stm32h7xx_hal_uart.o
                0x0000000008005140                HAL_UART_IRQHandler
 .text.HAL_UART_TxCpltCallback
                0x000000000800587c       0x14 ./Drivers/STM32H7xx_HAL_Driver/Src/stm32h7xx_hal_uart.o
                0x000000000800587c                HAL_UART_TxCpltCallback
 .text.HAL_UART_ErrorCallback
                0x0000000008005890       0x14 ./Drivers/STM32H7xx_HAL_Driver/Src/stm32h7xx_hal_uart.o
                0x0000000008005890                HAL_UART_ErrorCallback
 .text.HAL_UARTEx_RxEventCallback
                0x00000000080058a4       0x18 ./Drivers/STM32H7xx_HAL_Driver/Src/stm32h7xx_hal_uart.o
                0x00000000080058a4                HAL_UARTEx_RxEventCallback
 .text.UART_SetConfig
                0x00000000080058bc      0xcbc ./Drivers/STM32H7xx_HAL_Driver/Src/stm32h7xx_hal_uart.o
                0x00000000080058bc                UART_SetConfig
 .text.UART_AdvFeatureConfig
                0x0000000008006578      0x144 ./Drivers/STM32H7xx_HAL_Driver/Src/stm32h7xx_hal_uart.o
                0x0000000008006578                UART_AdvFeatureConfig
 .text.UART_CheckIdleState
                0x00000000080066bc       0x96 ./Drivers/STM32H7xx_HAL_Driver/Src/stm32h7xx_hal_uart.o
                0x00000000080066bc                UART_CheckIdleState
 .text.UART_WaitOnFlagUntilTimeout
                0x0000000008006752      0x190 ./Drivers/STM32H7xx_HAL_Driver/Src/stm32h7xx_hal_uart.o
                0x0000000008006752                UART_WaitOnFlagUntilTimeout
 *fill*         0x00000000080068e2        0x2 
 .text.UART_Start_Receive_IT
                0x00000000080068e4      0x254 ./Drivers/STM32H7xx_HAL_Driver/Src/stm32h7xx_hal_uart.o
                0x00000000080068e4                UART_Start_Receive_IT
 .text.UART_EndRxTransfer
                0x0000000008006b38       0xcc ./Drivers/STM32H7xx_HAL_Driver/Src/stm32h7xx_hal_uart.o
 .text.UART_DMAAbortOnError
                0x0000000008006c04       0x2c ./Drivers/STM32H7xx_HAL_Driver/Src/stm32h7xx_hal_uart.o
 .text.UART_EndTransmit_IT
                0x0000000008006c30       0x56 ./Drivers/STM32H7xx_HAL_Driver/Src/stm32h7xx_hal_uart.o
 .text.UART_RxISR_8BIT
                0x0000000008006c86      0x160 ./Drivers/STM32H7xx_HAL_Driver/Src/stm32h7xx_hal_uart.o
 .text.UART_RxISR_16BIT
                0x0000000008006de6      0x160 ./Drivers/STM32H7xx_HAL_Driver/Src/stm32h7xx_hal_uart.o
 *fill*         0x0000000008006f46        0x2 
 .text.UART_RxISR_8BIT_FIFOEN
                0x0000000008006f48      0x2f8 ./Drivers/STM32H7xx_HAL_Driver/Src/stm32h7xx_hal_uart.o
 .text.UART_RxISR_16BIT_FIFOEN
                0x0000000008007240      0x300 ./Drivers/STM32H7xx_HAL_Driver/Src/stm32h7xx_hal_uart.o
 .text.HAL_UARTEx_WakeupCallback
                0x0000000008007540       0x14 ./Drivers/STM32H7xx_HAL_Driver/Src/stm32h7xx_hal_uart_ex.o
                0x0000000008007540                HAL_UARTEx_WakeupCallback
 .text.HAL_UARTEx_RxFifoFullCallback
                0x0000000008007554       0x14 ./Drivers/STM32H7xx_HAL_Driver/Src/stm32h7xx_hal_uart_ex.o
                0x0000000008007554                HAL_UARTEx_RxFifoFullCallback
 .text.HAL_UARTEx_TxFifoEmptyCallback
                0x0000000008007568       0x14 ./Drivers/STM32H7xx_HAL_Driver/Src/stm32h7xx_hal_uart_ex.o
                0x0000000008007568                HAL_UARTEx_TxFifoEmptyCallback
 .text.HAL_UARTEx_DisableFifoMode
                0x000000000800757c       0x72 ./Drivers/STM32H7xx_HAL_Driver/Src/stm32h7xx_hal_uart_ex.o
                0x000000000800757c                HAL_UARTEx_DisableFifoMode
 .text.HAL_UARTEx_SetTxFifoThreshold
                0x00000000080075ee       0x7c ./Drivers/STM32H7xx_HAL_Driver/Src/stm32h7xx_hal_uart_ex.o
                0x00000000080075ee                HAL_UARTEx_SetTxFifoThreshold
 .text.HAL_UARTEx_SetRxFifoThreshold
                0x000000000800766a       0x7c ./Drivers/STM32H7xx_HAL_Driver/Src/stm32h7xx_hal_uart_ex.o
                0x000000000800766a                HAL_UARTEx_SetRxFifoThreshold
 *fill*         0x00000000080076e6        0x2 
 .text.UARTEx_SetNbDataToProcess
                0x00000000080076e8       0x9c ./Drivers/STM32H7xx_HAL_Driver/Src/stm32h7xx_hal_uart_ex.o
 .text.__libc_init_array
                0x0000000008007784       0x48 c:/st/stm32cubeide_1.7.0/stm32cubeide/plugins/com.st.stm32cube.ide.mcu.externaltools.gnu-tools-for-stm32.9-2020-q2-update.win32_2.0.0.202105311346/tools/bin/../lib/gcc/arm-none-eabi/9.3.1/../../../../arm-none-eabi/lib/thumb/v7e-m+dp/hard\libc_nano.a(lib_a-init.o)
                0x0000000008007784                __libc_init_array
 .text.memset   0x00000000080077cc       0x10 c:/st/stm32cubeide_1.7.0/stm32cubeide/plugins/com.st.stm32cube.ide.mcu.externaltools.gnu-tools-for-stm32.9-2020-q2-update.win32_2.0.0.202105311346/tools/bin/../lib/gcc/arm-none-eabi/9.3.1/../../../../arm-none-eabi/lib/thumb/v7e-m+dp/hard\libc_nano.a(lib_a-memset.o)
                0x00000000080077cc                memset
 *(.glue_7)
 .glue_7        0x00000000080077dc        0x0 linker stubs
 *(.glue_7t)
 .glue_7t       0x00000000080077dc        0x0 linker stubs
 *(.eh_frame)
 .eh_frame      0x00000000080077dc        0x0 c:/st/stm32cubeide_1.7.0/stm32cubeide/plugins/com.st.stm32cube.ide.mcu.externaltools.gnu-tools-for-stm32.9-2020-q2-update.win32_2.0.0.202105311346/tools/bin/../lib/gcc/arm-none-eabi/9.3.1/thumb/v7e-m+dp/hard/crtbegin.o
 *(.init)
 .init          0x00000000080077dc        0x4 c:/st/stm32cubeide_1.7.0/stm32cubeide/plugins/com.st.stm32cube.ide.mcu.externaltools.gnu-tools-for-stm32.9-2020-q2-update.win32_2.0.0.202105311346/tools/bin/../lib/gcc/arm-none-eabi/9.3.1/thumb/v7e-m+dp/hard/crti.o
                0x00000000080077dc                _init
 .init          0x00000000080077e0        0x8 c:/st/stm32cubeide_1.7.0/stm32cubeide/plugins/com.st.stm32cube.ide.mcu.externaltools.gnu-tools-for-stm32.9-2020-q2-update.win32_2.0.0.202105311346/tools/bin/../lib/gcc/arm-none-eabi/9.3.1/thumb/v7e-m+dp/hard/crtn.o
 *(.fini)
 .fini          0x00000000080077e8        0x4 c:/st/stm32cubeide_1.7.0/stm32cubeide/plugins/com.st.stm32cube.ide.mcu.externaltools.gnu-tools-for-stm32.9-2020-q2-update.win32_2.0.0.202105311346/tools/bin/../lib/gcc/arm-none-eabi/9.3.1/thumb/v7e-m+dp/hard/crti.o
                0x00000000080077e8                _fini
 .fini          0x00000000080077ec        0x8 c:/st/stm32cubeide_1.7.0/stm32cubeide/plugins/com.st.stm32cube.ide.mcu.externaltools.gnu-tools-for-stm32.9-2020-q2-update.win32_2.0.0.202105311346/tools/bin/../lib/gcc/arm-none-eabi/9.3.1/thumb/v7e-m+dp/hard/crtn.o
                0x00000000080077f4                . = ALIGN (0x4)
                0x00000000080077f4                _etext = .

.vfp11_veneer   0x00000000080077f4        0x0
 .vfp11_veneer  0x00000000080077f4        0x0 linker stubs

.v4_bx          0x00000000080077f4        0x0
 .v4_bx         0x00000000080077f4        0x0 linker stubs

.iplt           0x00000000080077f4        0x0
 .iplt          0x00000000080077f4        0x0 c:/st/stm32cubeide_1.7.0/stm32cubeide/plugins/com.st.stm32cube.ide.mcu.externaltools.gnu-tools-for-stm32.9-2020-q2-update.win32_2.0.0.202105311346/tools/bin/../lib/gcc/arm-none-eabi/9.3.1/thumb/v7e-m+dp/hard/crtbegin.o

.rodata         0x00000000080077f4       0x4c
                0x00000000080077f4                . = ALIGN (0x4)
 *(.rodata)
 .rodata        0x00000000080077f4       0x14 ./Core/Src/main.o
 *(.rodata*)
 .rodata.D1CorePrescTable
                0x0000000008007808       0x10 ./Core/Src/system_stm32h7xx.o
                0x0000000008007808                D1CorePrescTable
 .rodata.UARTPrescTable
                0x0000000008007818       0x18 ./Drivers/STM32H7xx_HAL_Driver/Src/stm32h7xx_hal_uart.o
                0x0000000008007818                UARTPrescTable
 .rodata.numerator.10776
                0x0000000008007830        0x8 ./Drivers/STM32H7xx_HAL_Driver/Src/stm32h7xx_hal_uart_ex.o
 .rodata.denominator.10777
                0x0000000008007838        0x8 ./Drivers/STM32H7xx_HAL_Driver/Src/stm32h7xx_hal_uart_ex.o
                0x0000000008007840                . = ALIGN (0x4)

.ARM.extab
 *(.ARM.extab* .gnu.linkonce.armextab.*)

.ARM            0x0000000008007840        0x8
                0x0000000008007840                __exidx_start = .
 *(.ARM.exidx*)
 .ARM.exidx     0x0000000008007840        0x8 c:/st/stm32cubeide_1.7.0/stm32cubeide/plugins/com.st.stm32cube.ide.mcu.externaltools.gnu-tools-for-stm32.9-2020-q2-update.win32_2.0.0.202105311346/tools/bin/../lib/gcc/arm-none-eabi/9.3.1/thumb/v7e-m+dp/hard\libgcc.a(_udivmoddi4.o)
                0x0000000008007848                __exidx_end = .

.rel.dyn        0x0000000008007848        0x0
 .rel.iplt      0x0000000008007848        0x0 c:/st/stm32cubeide_1.7.0/stm32cubeide/plugins/com.st.stm32cube.ide.mcu.externaltools.gnu-tools-for-stm32.9-2020-q2-update.win32_2.0.0.202105311346/tools/bin/../lib/gcc/arm-none-eabi/9.3.1/thumb/v7e-m+dp/hard/crtbegin.o

.preinit_array  0x0000000008007848        0x0
                0x0000000008007848                PROVIDE (__preinit_array_start = .)
 *(.preinit_array*)
                0x0000000008007848                PROVIDE (__preinit_array_end = .)

.init_array     0x0000000008007848        0x4
                0x0000000008007848                PROVIDE (__init_array_start = .)
 *(SORT_BY_NAME(.init_array.*))
 *(.init_array*)
 .init_array    0x0000000008007848        0x4 c:/st/stm32cubeide_1.7.0/stm32cubeide/plugins/com.st.stm32cube.ide.mcu.externaltools.gnu-tools-for-stm32.9-2020-q2-update.win32_2.0.0.202105311346/tools/bin/../lib/gcc/arm-none-eabi/9.3.1/thumb/v7e-m+dp/hard/crtbegin.o
                0x000000000800784c                PROVIDE (__init_array_end = .)

.fini_array     0x000000000800784c        0x4
                [!provide]                        PROVIDE (__fini_array_start = .)
 *(SORT_BY_NAME(.fini_array.*))
 *(.fini_array*)
 .fini_array    0x000000000800784c        0x4 c:/st/stm32cubeide_1.7.0/stm32cubeide/plugins/com.st.stm32cube.ide.mcu.externaltools.gnu-tools-for-stm32.9-2020-q2-update.win32_2.0.0.202105311346/tools/bin/../lib/gcc/arm-none-eabi/9.3.1/thumb/v7e-m+dp/hard/crtbegin.o
                [!provide]                        PROVIDE (__fini_array_end = .)
                0x0000000008007850                _sidata = LOADADDR (.data)

.data           0x0000000024000000       0x10 load address 0x0000000008007850
                0x0000000024000000                . = ALIGN (0x4)
                0x0000000024000000                _sdata = .
 *(.data)
 *(.data*)
 .data.SystemCoreClock
                0x0000000024000000        0x4 ./Core/Src/system_stm32h7xx.o
                0x0000000024000000                SystemCoreClock
 .data.SystemD2Clock
                0x0000000024000004        0x4 ./Core/Src/system_stm32h7xx.o
                0x0000000024000004                SystemD2Clock
 .data.uwTickPrio
                0x0000000024000008        0x4 ./Drivers/STM32H7xx_HAL_Driver/Src/stm32h7xx_hal.o
                0x0000000024000008                uwTickPrio
 .data.uwTickFreq
                0x000000002400000c        0x1 ./Drivers/STM32H7xx_HAL_Driver/Src/stm32h7xx_hal.o
                0x000000002400000c                uwTickFreq
 *(.RamFunc)
 *(.RamFunc*)
                0x0000000024000010                . = ALIGN (0x4)
 *fill*         0x000000002400000d        0x3 
                0x0000000024000010                _edata = .

.igot.plt       0x0000000024000010        0x0 load address 0x0000000008007860
 .igot.plt      0x0000000024000010        0x0 c:/st/stm32cubeide_1.7.0/stm32cubeide/plugins/com.st.stm32cube.ide.mcu.externaltools.gnu-tools-for-stm32.9-2020-q2-update.win32_2.0.0.202105311346/tools/bin/../lib/gcc/arm-none-eabi/9.3.1/thumb/v7e-m+dp/hard/crtbegin.o

.RxDecripSection
                0x0000000024000010       0x60 load address 0x0000000008007860
 .RxDecripSection
                0x0000000024000010       0x60 ./Core/Src/main.o
                0x0000000024000010                DMARxDscrTab

.TxDecripSection
                0x0000000024000070       0x60 load address 0x00000000080078c0
 .TxDecripSection
                0x0000000024000070       0x60 ./Core/Src/main.o
                0x0000000024000070                DMATxDscrTab
                0x00000000240000d0                . = ALIGN (0x4)

.bss            0x00000000240000d0      0x1e0 load address 0x0000000008007920
                0x00000000240000d0                _sbss = .
                0x00000000240000d0                __bss_start__ = _sbss
 *(.bss)
 .bss           0x00000000240000d0       0x1c c:/st/stm32cubeide_1.7.0/stm32cubeide/plugins/com.st.stm32cube.ide.mcu.externaltools.gnu-tools-for-stm32.9-2020-q2-update.win32_2.0.0.202105311346/tools/bin/../lib/gcc/arm-none-eabi/9.3.1/thumb/v7e-m+dp/hard/crtbegin.o
 *(.bss*)
 .bss.MACAddr.10914
                0x00000000240000ec        0x6 ./Core/Src/main.o
 *(COMMON)
 *fill*         0x00000000240000f2        0x2 
 COMMON         0x00000000240000f4      0x1b8 ./Core/Src/main.o
                0x00000000240000f4                huart3
                0x0000000024000184                transfer_cplt
                0x0000000024000188                rx_buffer
                0x00000000240001ec                rx_data
                0x00000000240001ee                rx_indx
                0x00000000240001f0                heth
                0x0000000024000278                TxConfig
 COMMON         0x00000000240002ac        0x4 ./Drivers/STM32H7xx_HAL_Driver/Src/stm32h7xx_hal.o
                0x00000000240002ac                uwTick
                0x00000000240002b0                . = ALIGN (0x4)
                0x00000000240002b0                _ebss = .
                0x00000000240002b0                __bss_end__ = _ebss

._user_heap_stack
                0x00000000240002b0      0x600 load address 0x0000000008007920
                0x00000000240002b0                . = ALIGN (0x8)
                [!provide]                        PROVIDE (end = .)
                0x00000000240002b0                PROVIDE (_end = .)
                0x00000000240004b0                . = (. + _Min_Heap_Size)
 *fill*         0x00000000240002b0      0x200 
                0x00000000240008b0                . = (. + _Min_Stack_Size)
 *fill*         0x00000000240004b0      0x400 
                0x00000000240008b0                . = ALIGN (0x8)

/DISCARD/
 libc.a(*)
 libm.a(*)
 libgcc.a(*)

.ARM.attributes
                0x0000000000000000       0x2e
 *(.ARM.attributes)
 .ARM.attributes
                0x0000000000000000       0x1e c:/st/stm32cubeide_1.7.0/stm32cubeide/plugins/com.st.stm32cube.ide.mcu.externaltools.gnu-tools-for-stm32.9-2020-q2-update.win32_2.0.0.202105311346/tools/bin/../lib/gcc/arm-none-eabi/9.3.1/thumb/v7e-m+dp/hard/crti.o
 .ARM.attributes
                0x000000000000001e       0x32 c:/st/stm32cubeide_1.7.0/stm32cubeide/plugins/com.st.stm32cube.ide.mcu.externaltools.gnu-tools-for-stm32.9-2020-q2-update.win32_2.0.0.202105311346/tools/bin/../lib/gcc/arm-none-eabi/9.3.1/thumb/v7e-m+dp/hard/crtbegin.o
 .ARM.attributes
                0x0000000000000050       0x32 ./Core/Src/main.o
 .ARM.attributes
                0x0000000000000082       0x32 ./Core/Src/stm32h7xx_hal_msp.o
 .ARM.attributes
                0x00000000000000b4       0x32 ./Core/Src/stm32h7xx_it.o
 .ARM.attributes
                0x00000000000000e6       0x32 ./Core/Src/system_stm32h7xx.o
 .ARM.attributes
                0x0000000000000118       0x21 ./Core/Startup/startup_stm32h723zgtx.o
 .ARM.attributes
                0x0000000000000139       0x32 ./Drivers/STM32H7xx_HAL_Driver/Src/stm32h7xx_hal.o
 .ARM.attributes
                0x000000000000016b       0x32 ./Drivers/STM32H7xx_HAL_Driver/Src/stm32h7xx_hal_cortex.o
 .ARM.attributes
                0x000000000000019d       0x32 ./Drivers/STM32H7xx_HAL_Driver/Src/stm32h7xx_hal_dma.o
 .ARM.attributes
                0x00000000000001cf       0x32 ./Drivers/STM32H7xx_HAL_Driver/Src/stm32h7xx_hal_eth.o
 .ARM.attributes
                0x0000000000000201       0x32 ./Drivers/STM32H7xx_HAL_Driver/Src/stm32h7xx_hal_gpio.o
 .ARM.attributes
                0x0000000000000233       0x32 ./Drivers/STM32H7xx_HAL_Driver/Src/stm32h7xx_hal_pwr_ex.o
 .ARM.attributes
                0x0000000000000265       0x32 ./Drivers/STM32H7xx_HAL_Driver/Src/stm32h7xx_hal_rcc.o
 .ARM.attributes
                0x0000000000000297       0x32 ./Drivers/STM32H7xx_HAL_Driver/Src/stm32h7xx_hal_rcc_ex.o
 .ARM.attributes
                0x00000000000002c9       0x32 ./Drivers/STM32H7xx_HAL_Driver/Src/stm32h7xx_hal_uart.o
 .ARM.attributes
                0x00000000000002fb       0x32 ./Drivers/STM32H7xx_HAL_Driver/Src/stm32h7xx_hal_uart_ex.o
 .ARM.attributes
                0x000000000000032d       0x32 c:/st/stm32cubeide_1.7.0/stm32cubeide/plugins/com.st.stm32cube.ide.mcu.externaltools.gnu-tools-for-stm32.9-2020-q2-update.win32_2.0.0.202105311346/tools/bin/../lib/gcc/arm-none-eabi/9.3.1/../../../../arm-none-eabi/lib/thumb/v7e-m+dp/hard\libc_nano.a(lib_a-init.o)
 .ARM.attributes
                0x000000000000035f       0x32 c:/st/stm32cubeide_1.7.0/stm32cubeide/plugins/com.st.stm32cube.ide.mcu.externaltools.gnu-tools-for-stm32.9-2020-q2-update.win32_2.0.0.202105311346/tools/bin/../lib/gcc/arm-none-eabi/9.3.1/../../../../arm-none-eabi/lib/thumb/v7e-m+dp/hard\libc_nano.a(lib_a-memset.o)
 .ARM.attributes
                0x0000000000000391       0x1c c:/st/stm32cubeide_1.7.0/stm32cubeide/plugins/com.st.stm32cube.ide.mcu.externaltools.gnu-tools-for-stm32.9-2020-q2-update.win32_2.0.0.202105311346/tools/bin/../lib/gcc/arm-none-eabi/9.3.1/../../../../arm-none-eabi/lib/thumb/v7e-m+dp/hard\libc_nano.a(lib_a-strcmp.o)
 .ARM.attributes
                0x00000000000003ad       0x17 c:/st/stm32cubeide_1.7.0/stm32cubeide/plugins/com.st.stm32cube.ide.mcu.externaltools.gnu-tools-for-stm32.9-2020-q2-update.win32_2.0.0.202105311346/tools/bin/../lib/gcc/arm-none-eabi/9.3.1/../../../../arm-none-eabi/lib/thumb/v7e-m+dp/hard\libc_nano.a(lib_a-strlen.o)
 .ARM.attributes
                0x00000000000003c4       0x1e c:/st/stm32cubeide_1.7.0/stm32cubeide/plugins/com.st.stm32cube.ide.mcu.externaltools.gnu-tools-for-stm32.9-2020-q2-update.win32_2.0.0.202105311346/tools/bin/../lib/gcc/arm-none-eabi/9.3.1/thumb/v7e-m+dp/hard\libgcc.a(_aeabi_uldivmod.o)
 .ARM.attributes
                0x00000000000003e2       0x32 c:/st/stm32cubeide_1.7.0/stm32cubeide/plugins/com.st.stm32cube.ide.mcu.externaltools.gnu-tools-for-stm32.9-2020-q2-update.win32_2.0.0.202105311346/tools/bin/../lib/gcc/arm-none-eabi/9.3.1/thumb/v7e-m+dp/hard\libgcc.a(_udivmoddi4.o)
 .ARM.attributes
                0x0000000000000414       0x1e c:/st/stm32cubeide_1.7.0/stm32cubeide/plugins/com.st.stm32cube.ide.mcu.externaltools.gnu-tools-for-stm32.9-2020-q2-update.win32_2.0.0.202105311346/tools/bin/../lib/gcc/arm-none-eabi/9.3.1/thumb/v7e-m+dp/hard\libgcc.a(_dvmd_tls.o)
 .ARM.attributes
                0x0000000000000432       0x1e c:/st/stm32cubeide_1.7.0/stm32cubeide/plugins/com.st.stm32cube.ide.mcu.externaltools.gnu-tools-for-stm32.9-2020-q2-update.win32_2.0.0.202105311346/tools/bin/../lib/gcc/arm-none-eabi/9.3.1/thumb/v7e-m+dp/hard/crtn.o
OUTPUT(UART.elf elf32-littlearm)
LOAD linker stubs
LOAD c:/st/stm32cubeide_1.7.0/stm32cubeide/plugins/com.st.stm32cube.ide.mcu.externaltools.gnu-tools-for-stm32.9-2020-q2-update.win32_2.0.0.202105311346/tools/bin/../lib/gcc/arm-none-eabi/9.3.1/../../../../arm-none-eabi/lib/thumb/v7e-m+dp/hard\libc.a
LOAD c:/st/stm32cubeide_1.7.0/stm32cubeide/plugins/com.st.stm32cube.ide.mcu.externaltools.gnu-tools-for-stm32.9-2020-q2-update.win32_2.0.0.202105311346/tools/bin/../lib/gcc/arm-none-eabi/9.3.1/../../../../arm-none-eabi/lib/thumb/v7e-m+dp/hard\libm.a
LOAD c:/st/stm32cubeide_1.7.0/stm32cubeide/plugins/com.st.stm32cube.ide.mcu.externaltools.gnu-tools-for-stm32.9-2020-q2-update.win32_2.0.0.202105311346/tools/bin/../lib/gcc/arm-none-eabi/9.3.1/thumb/v7e-m+dp/hard\libgcc.a

.debug_info     0x0000000000000000    0x1dbb9
 .debug_info    0x0000000000000000     0x2b18 ./Core/Src/main.o
 .debug_info    0x0000000000002b18     0x2c6f ./Core/Src/stm32h7xx_hal_msp.o
 .debug_info    0x0000000000005787     0x12a4 ./Core/Src/stm32h7xx_it.o
 .debug_info    0x0000000000006a2b     0x15c5 ./Core/Src/system_stm32h7xx.o
 .debug_info    0x0000000000007ff0       0x22 ./Core/Startup/startup_stm32h723zgtx.o
 .debug_info    0x0000000000008012     0x210c ./Drivers/STM32H7xx_HAL_Driver/Src/stm32h7xx_hal.o
 .debug_info    0x000000000000a11e     0x1c07 ./Drivers/STM32H7xx_HAL_Driver/Src/stm32h7xx_hal_cortex.o
 .debug_info    0x000000000000bd25     0x167d ./Drivers/STM32H7xx_HAL_Driver/Src/stm32h7xx_hal_dma.o
 .debug_info    0x000000000000d3a2     0x3293 ./Drivers/STM32H7xx_HAL_Driver/Src/stm32h7xx_hal_eth.o
 .debug_info    0x0000000000010635     0x17f5 ./Drivers/STM32H7xx_HAL_Driver/Src/stm32h7xx_hal_gpio.o
 .debug_info    0x0000000000011e2a     0x1919 ./Drivers/STM32H7xx_HAL_Driver/Src/stm32h7xx_hal_pwr_ex.o
 .debug_info    0x0000000000013743     0x185e ./Drivers/STM32H7xx_HAL_Driver/Src/stm32h7xx_hal_rcc.o
 .debug_info    0x0000000000014fa1     0x1ce5 ./Drivers/STM32H7xx_HAL_Driver/Src/stm32h7xx_hal_rcc_ex.o
 .debug_info    0x0000000000016c86     0x558a ./Drivers/STM32H7xx_HAL_Driver/Src/stm32h7xx_hal_uart.o
 .debug_info    0x000000000001c210     0x19a9 ./Drivers/STM32H7xx_HAL_Driver/Src/stm32h7xx_hal_uart_ex.o

.debug_abbrev   0x0000000000000000     0x2a39
 .debug_abbrev  0x0000000000000000      0x367 ./Core/Src/main.o
 .debug_abbrev  0x0000000000000367      0x269 ./Core/Src/stm32h7xx_hal_msp.o
 .debug_abbrev  0x00000000000005d0      0x1fe ./Core/Src/stm32h7xx_it.o
 .debug_abbrev  0x00000000000007ce      0x251 ./Core/Src/system_stm32h7xx.o
 .debug_abbrev  0x0000000000000a1f       0x12 ./Core/Startup/startup_stm32h723zgtx.o
 .debug_abbrev  0x0000000000000a31      0x324 ./Drivers/STM32H7xx_HAL_Driver/Src/stm32h7xx_hal.o
 .debug_abbrev  0x0000000000000d55      0x409 ./Drivers/STM32H7xx_HAL_Driver/Src/stm32h7xx_hal_cortex.o
 .debug_abbrev  0x000000000000115e      0x2c1 ./Drivers/STM32H7xx_HAL_Driver/Src/stm32h7xx_hal_dma.o
 .debug_abbrev  0x000000000000141f      0x328 ./Drivers/STM32H7xx_HAL_Driver/Src/stm32h7xx_hal_eth.o
 .debug_abbrev  0x0000000000001747      0x2cb ./Drivers/STM32H7xx_HAL_Driver/Src/stm32h7xx_hal_gpio.o
 .debug_abbrev  0x0000000000001a12      0x33f ./Drivers/STM32H7xx_HAL_Driver/Src/stm32h7xx_hal_pwr_ex.o
 .debug_abbrev  0x0000000000001d51      0x311 ./Drivers/STM32H7xx_HAL_Driver/Src/stm32h7xx_hal_rcc.o
 .debug_abbrev  0x0000000000002062      0x31d ./Drivers/STM32H7xx_HAL_Driver/Src/stm32h7xx_hal_rcc_ex.o
 .debug_abbrev  0x000000000000237f      0x37d ./Drivers/STM32H7xx_HAL_Driver/Src/stm32h7xx_hal_uart.o
 .debug_abbrev  0x00000000000026fc      0x33d ./Drivers/STM32H7xx_HAL_Driver/Src/stm32h7xx_hal_uart_ex.o

.debug_aranges  0x0000000000000000      0xc90
 .debug_aranges
                0x0000000000000000       0x58 ./Core/Src/main.o
 .debug_aranges
                0x0000000000000058       0x40 ./Core/Src/stm32h7xx_hal_msp.o
 .debug_aranges
                0x0000000000000098       0x68 ./Core/Src/stm32h7xx_it.o
 .debug_aranges
                0x0000000000000100       0x28 ./Core/Src/system_stm32h7xx.o
 .debug_aranges
                0x0000000000000128       0x28 ./Core/Startup/startup_stm32h723zgtx.o
 .debug_aranges
                0x0000000000000150      0x1c8 ./Drivers/STM32H7xx_HAL_Driver/Src/stm32h7xx_hal.o
 .debug_aranges
                0x0000000000000318      0x120 ./Drivers/STM32H7xx_HAL_Driver/Src/stm32h7xx_hal_cortex.o
 .debug_aranges
                0x0000000000000438       0xa0 ./Drivers/STM32H7xx_HAL_Driver/Src/stm32h7xx_hal_dma.o
 .debug_aranges
                0x00000000000004d8      0x1b0 ./Drivers/STM32H7xx_HAL_Driver/Src/stm32h7xx_hal_eth.o
 .debug_aranges
                0x0000000000000688       0x58 ./Drivers/STM32H7xx_HAL_Driver/Src/stm32h7xx_hal_gpio.o
 .debug_aranges
                0x00000000000006e0      0x148 ./Drivers/STM32H7xx_HAL_Driver/Src/stm32h7xx_hal_pwr_ex.o
 .debug_aranges
                0x0000000000000828       0x88 ./Drivers/STM32H7xx_HAL_Driver/Src/stm32h7xx_hal_rcc.o
 .debug_aranges
                0x00000000000008b0       0xf8 ./Drivers/STM32H7xx_HAL_Driver/Src/stm32h7xx_hal_rcc_ex.o
 .debug_aranges
                0x00000000000009a8      0x248 ./Drivers/STM32H7xx_HAL_Driver/Src/stm32h7xx_hal_uart.o
 .debug_aranges
                0x0000000000000bf0       0xa0 ./Drivers/STM32H7xx_HAL_Driver/Src/stm32h7xx_hal_uart_ex.o

.debug_ranges   0x0000000000000000      0xbd8
 .debug_ranges  0x0000000000000000       0x48 ./Core/Src/main.o
 .debug_ranges  0x0000000000000048       0x30 ./Core/Src/stm32h7xx_hal_msp.o
 .debug_ranges  0x0000000000000078       0x58 ./Core/Src/stm32h7xx_it.o
 .debug_ranges  0x00000000000000d0       0x18 ./Core/Src/system_stm32h7xx.o
 .debug_ranges  0x00000000000000e8       0x20 ./Core/Startup/startup_stm32h723zgtx.o
 .debug_ranges  0x0000000000000108      0x1b8 ./Drivers/STM32H7xx_HAL_Driver/Src/stm32h7xx_hal.o
 .debug_ranges  0x00000000000002c0      0x110 ./Drivers/STM32H7xx_HAL_Driver/Src/stm32h7xx_hal_cortex.o
 .debug_ranges  0x00000000000003d0       0x90 ./Drivers/STM32H7xx_HAL_Driver/Src/stm32h7xx_hal_dma.o
 .debug_ranges  0x0000000000000460      0x1a0 ./Drivers/STM32H7xx_HAL_Driver/Src/stm32h7xx_hal_eth.o
 .debug_ranges  0x0000000000000600       0x48 ./Drivers/STM32H7xx_HAL_Driver/Src/stm32h7xx_hal_gpio.o
 .debug_ranges  0x0000000000000648      0x138 ./Drivers/STM32H7xx_HAL_Driver/Src/stm32h7xx_hal_pwr_ex.o
 .debug_ranges  0x0000000000000780       0x78 ./Drivers/STM32H7xx_HAL_Driver/Src/stm32h7xx_hal_rcc.o
 .debug_ranges  0x00000000000007f8       0xe8 ./Drivers/STM32H7xx_HAL_Driver/Src/stm32h7xx_hal_rcc_ex.o
 .debug_ranges  0x00000000000008e0      0x268 ./Drivers/STM32H7xx_HAL_Driver/Src/stm32h7xx_hal_uart.o
 .debug_ranges  0x0000000000000b48       0x90 ./Drivers/STM32H7xx_HAL_Driver/Src/stm32h7xx_hal_uart_ex.o

.debug_macro    0x0000000000000000    0x32204
 .debug_macro   0x0000000000000000      0x2e7 ./Core/Src/main.o
 .debug_macro   0x00000000000002e7      0xac0 ./Core/Src/main.o
 .debug_macro   0x0000000000000da7      0x238 ./Core/Src/main.o
 .debug_macro   0x0000000000000fdf       0x2e ./Core/Src/main.o
 .debug_macro   0x000000000000100d       0x3b ./Core/Src/main.o
 .debug_macro   0x0000000000001048       0x22 ./Core/Src/main.o
 .debug_macro   0x000000000000106a       0x8e ./Core/Src/main.o
 .debug_macro   0x00000000000010f8       0x51 ./Core/Src/main.o
 .debug_macro   0x0000000000001149      0x103 ./Core/Src/main.o
 .debug_macro   0x000000000000124c       0x6a ./Core/Src/main.o
 .debug_macro   0x00000000000012b6      0x1df ./Core/Src/main.o
 .debug_macro   0x0000000000001495       0x1c ./Core/Src/main.o
 .debug_macro   0x00000000000014b1       0x22 ./Core/Src/main.o
 .debug_macro   0x00000000000014d3      0x101 ./Core/Src/main.o
 .debug_macro   0x00000000000015d4     0x1305 ./Core/Src/main.o
 .debug_macro   0x00000000000028d9      0x11f ./Core/Src/main.o
 .debug_macro   0x00000000000029f8       0x27 ./Core/Src/main.o
 .debug_macro   0x0000000000002a1f    0x211bc ./Core/Src/main.o
 .debug_macro   0x0000000000023bdb       0x6d ./Core/Src/main.o
 .debug_macro   0x0000000000023c48     0x3d09 ./Core/Src/main.o
 .debug_macro   0x0000000000027951      0x174 ./Core/Src/main.o
 .debug_macro   0x0000000000027ac5       0x52 ./Core/Src/main.o
 .debug_macro   0x0000000000027b17       0x17 ./Core/Src/main.o
 .debug_macro   0x0000000000027b2e       0x3c ./Core/Src/main.o
 .debug_macro   0x0000000000027b6a       0x34 ./Core/Src/main.o
 .debug_macro   0x0000000000027b9e       0x16 ./Core/Src/main.o
 .debug_macro   0x0000000000027bb4       0x43 ./Core/Src/main.o
 .debug_macro   0x0000000000027bf7       0x34 ./Core/Src/main.o
 .debug_macro   0x0000000000027c2b       0x10 ./Core/Src/main.o
 .debug_macro   0x0000000000027c3b       0x58 ./Core/Src/main.o
 .debug_macro   0x0000000000027c93       0x71 ./Core/Src/main.o
 .debug_macro   0x0000000000027d04       0x1c ./Core/Src/main.o
 .debug_macro   0x0000000000027d20      0x12a ./Core/Src/main.o
 .debug_macro   0x0000000000027e4a      0x333 ./Core/Src/main.o
 .debug_macro   0x000000000002817d      0x1a9 ./Core/Src/main.o
 .debug_macro   0x0000000000028326       0x5d ./Core/Src/main.o
 .debug_macro   0x0000000000028383     0x2462 ./Core/Src/main.o
 .debug_macro   0x000000000002a7e5     0x104f ./Core/Src/main.o
 .debug_macro   0x000000000002b834      0x14d ./Core/Src/main.o
 .debug_macro   0x000000000002b981      0x114 ./Core/Src/main.o
 .debug_macro   0x000000000002ba95      0x3f8 ./Core/Src/main.o
 .debug_macro   0x000000000002be8d       0xac ./Core/Src/main.o
 .debug_macro   0x000000000002bf39      0x788 ./Core/Src/main.o
 .debug_macro   0x000000000002c6c1      0x228 ./Core/Src/main.o
 .debug_macro   0x000000000002c8e9       0x66 ./Core/Src/main.o
 .debug_macro   0x000000000002c94f      0x3a6 ./Core/Src/main.o
 .debug_macro   0x000000000002ccf5      0xa59 ./Core/Src/main.o
 .debug_macro   0x000000000002d74e      0x129 ./Core/Src/main.o
 .debug_macro   0x000000000002d877      0x3f9 ./Core/Src/main.o
 .debug_macro   0x000000000002dc70      0x275 ./Core/Src/main.o
 .debug_macro   0x000000000002dee5      0x3ca ./Core/Src/main.o
 .debug_macro   0x000000000002e2af      0x45c ./Core/Src/main.o
 .debug_macro   0x000000000002e70b       0x3c ./Core/Src/main.o
 .debug_macro   0x000000000002e747       0x4a ./Core/Src/main.o
 .debug_macro   0x000000000002e791      0x22c ./Core/Src/main.o
 .debug_macro   0x000000000002e9bd       0x67 ./Core/Src/main.o
 .debug_macro   0x000000000002ea24       0xa5 ./Core/Src/main.o
 .debug_macro   0x000000000002eac9      0x1c4 ./Core/Src/main.o
 .debug_macro   0x000000000002ec8d      0x22a ./Core/Src/main.o
 .debug_macro   0x000000000002eeb7       0x35 ./Core/Src/main.o
 .debug_macro   0x000000000002eeec      0x67e ./Core/Src/main.o
 .debug_macro   0x000000000002f56a       0xa6 ./Core/Src/main.o
 .debug_macro   0x000000000002f610      0x5e6 ./Core/Src/main.o
 .debug_macro   0x000000000002fbf6      0x130 ./Core/Src/main.o
 .debug_macro   0x000000000002fd26       0x16 ./Core/Src/main.o
 .debug_macro   0x000000000002fd3c       0x35 ./Core/Src/main.o
 .debug_macro   0x000000000002fd71       0x20 ./Core/Src/main.o
 .debug_macro   0x000000000002fd91      0x2b7 ./Core/Src/stm32h7xx_hal_msp.o
 .debug_macro   0x0000000000030048      0x2c1 ./Core/Src/stm32h7xx_it.o
 .debug_macro   0x0000000000030309      0x2a8 ./Core/Src/system_stm32h7xx.o
 .debug_macro   0x00000000000305b1      0x2d2 ./Drivers/STM32H7xx_HAL_Driver/Src/stm32h7xx_hal.o
 .debug_macro   0x0000000000030883      0x2a8 ./Drivers/STM32H7xx_HAL_Driver/Src/stm32h7xx_hal_cortex.o
 .debug_macro   0x0000000000030b2b      0x2fb ./Drivers/STM32H7xx_HAL_Driver/Src/stm32h7xx_hal_dma.o
 .debug_macro   0x0000000000030e26      0x335 ./Drivers/STM32H7xx_HAL_Driver/Src/stm32h7xx_hal_eth.o
 .debug_macro   0x000000000003115b      0x2af ./Drivers/STM32H7xx_HAL_Driver/Src/stm32h7xx_hal_gpio.o
 .debug_macro   0x000000000003140a      0x2e1 ./Drivers/STM32H7xx_HAL_Driver/Src/stm32h7xx_hal_pwr_ex.o
 .debug_macro   0x00000000000316eb      0x2cc ./Drivers/STM32H7xx_HAL_Driver/Src/stm32h7xx_hal_rcc.o
 .debug_macro   0x00000000000319b7      0x2c6 ./Drivers/STM32H7xx_HAL_Driver/Src/stm32h7xx_hal_rcc_ex.o
 .debug_macro   0x0000000000031c7d      0x2d3 ./Drivers/STM32H7xx_HAL_Driver/Src/stm32h7xx_hal_uart.o
 .debug_macro   0x0000000000031f50      0x2b4 ./Drivers/STM32H7xx_HAL_Driver/Src/stm32h7xx_hal_uart_ex.o

.debug_line     0x0000000000000000    0x11de1
 .debug_line    0x0000000000000000      0xaca ./Core/Src/main.o
 .debug_line    0x0000000000000aca      0x946 ./Core/Src/stm32h7xx_hal_msp.o
 .debug_line    0x0000000000001410      0x934 ./Core/Src/stm32h7xx_it.o
 .debug_line    0x0000000000001d44      0xa01 ./Core/Src/system_stm32h7xx.o
 .debug_line    0x0000000000002745       0x88 ./Core/Startup/startup_stm32h723zgtx.o
 .debug_line    0x00000000000027cd      0xe98 ./Drivers/STM32H7xx_HAL_Driver/Src/stm32h7xx_hal.o
 .debug_line    0x0000000000003665      0xe0d ./Drivers/STM32H7xx_HAL_Driver/Src/stm32h7xx_hal_cortex.o
 .debug_line    0x0000000000004472     0x2751 ./Drivers/STM32H7xx_HAL_Driver/Src/stm32h7xx_hal_dma.o
 .debug_line    0x0000000000006bc3     0x1c18 ./Drivers/STM32H7xx_HAL_Driver/Src/stm32h7xx_hal_eth.o
 .debug_line    0x00000000000087db      0xcb6 ./Drivers/STM32H7xx_HAL_Driver/Src/stm32h7xx_hal_gpio.o
 .debug_line    0x0000000000009491      0xe7c ./Drivers/STM32H7xx_HAL_Driver/Src/stm32h7xx_hal_pwr_ex.o
 .debug_line    0x000000000000a30d     0x12d8 ./Drivers/STM32H7xx_HAL_Driver/Src/stm32h7xx_hal_rcc.o
 .debug_line    0x000000000000b5e5     0x1a46 ./Drivers/STM32H7xx_HAL_Driver/Src/stm32h7xx_hal_rcc_ex.o
 .debug_line    0x000000000000d02b     0x3ed1 ./Drivers/STM32H7xx_HAL_Driver/Src/stm32h7xx_hal_uart.o
 .debug_line    0x0000000000010efc      0xee5 ./Drivers/STM32H7xx_HAL_Driver/Src/stm32h7xx_hal_uart_ex.o

.debug_str      0x0000000000000000   0x1463ee
 .debug_str     0x0000000000000000   0x1413c6 ./Core/Src/main.o
                                     0x1419bf (size before relaxing)
 .debug_str     0x00000000001413c6      0xa94 ./Core/Src/stm32h7xx_hal_msp.o
                                     0x1420ef (size before relaxing)
 .debug_str     0x0000000000141e5a       0xcf ./Core/Src/stm32h7xx_it.o
                                     0x140c04 (size before relaxing)
 .debug_str     0x0000000000141f29      0x26b ./Core/Src/system_stm32h7xx.o
                                     0x1405d9 (size before relaxing)
 .debug_str     0x0000000000142194       0x36 ./Core/Startup/startup_stm32h723zgtx.o
                                         0x6d (size before relaxing)
 .debug_str     0x00000000001421ca      0x901 ./Drivers/STM32H7xx_HAL_Driver/Src/stm32h7xx_hal.o
                                     0x14157b (size before relaxing)
 .debug_str     0x0000000000142acb      0x39f ./Drivers/STM32H7xx_HAL_Driver/Src/stm32h7xx_hal_cortex.o
                                     0x140f62 (size before relaxing)
 .debug_str     0x0000000000142e6a      0x8eb ./Drivers/STM32H7xx_HAL_Driver/Src/stm32h7xx_hal_dma.o
                                     0x140d6a (size before relaxing)
 .debug_str     0x0000000000143755     0x1033 ./Drivers/STM32H7xx_HAL_Driver/Src/stm32h7xx_hal_eth.o
                                     0x141d5a (size before relaxing)
 .debug_str     0x0000000000144788      0x12a ./Drivers/STM32H7xx_HAL_Driver/Src/stm32h7xx_hal_gpio.o
                                     0x140651 (size before relaxing)
 .debug_str     0x00000000001448b2      0x5ea ./Drivers/STM32H7xx_HAL_Driver/Src/stm32h7xx_hal_pwr_ex.o
                                     0x140a3b (size before relaxing)
 .debug_str     0x0000000000144e9c      0x26c ./Drivers/STM32H7xx_HAL_Driver/Src/stm32h7xx_hal_rcc.o
                                     0x140961 (size before relaxing)
 .debug_str     0x0000000000145108      0x665 ./Drivers/STM32H7xx_HAL_Driver/Src/stm32h7xx_hal_rcc_ex.o
                                     0x140e51 (size before relaxing)
 .debug_str     0x000000000014576d      0x9a6 ./Drivers/STM32H7xx_HAL_Driver/Src/stm32h7xx_hal_uart.o
                                     0x1413cf (size before relaxing)
 .debug_str     0x0000000000146113      0x2db ./Drivers/STM32H7xx_HAL_Driver/Src/stm32h7xx_hal_uart_ex.o
                                     0x1409f7 (size before relaxing)

.comment        0x0000000000000000       0x53
 .comment       0x0000000000000000       0x53 ./Core/Src/main.o
                                         0x54 (size before relaxing)
 .comment       0x0000000000000053       0x54 ./Core/Src/stm32h7xx_hal_msp.o
 .comment       0x0000000000000053       0x54 ./Core/Src/stm32h7xx_it.o
 .comment       0x0000000000000053       0x54 ./Core/Src/system_stm32h7xx.o
 .comment       0x0000000000000053       0x54 ./Drivers/STM32H7xx_HAL_Driver/Src/stm32h7xx_hal.o
 .comment       0x0000000000000053       0x54 ./Drivers/STM32H7xx_HAL_Driver/Src/stm32h7xx_hal_cortex.o
 .comment       0x0000000000000053       0x54 ./Drivers/STM32H7xx_HAL_Driver/Src/stm32h7xx_hal_dma.o
 .comment       0x0000000000000053       0x54 ./Drivers/STM32H7xx_HAL_Driver/Src/stm32h7xx_hal_eth.o
 .comment       0x0000000000000053       0x54 ./Drivers/STM32H7xx_HAL_Driver/Src/stm32h7xx_hal_gpio.o
 .comment       0x0000000000000053       0x54 ./Drivers/STM32H7xx_HAL_Driver/Src/stm32h7xx_hal_pwr_ex.o
 .comment       0x0000000000000053       0x54 ./Drivers/STM32H7xx_HAL_Driver/Src/stm32h7xx_hal_rcc.o
 .comment       0x0000000000000053       0x54 ./Drivers/STM32H7xx_HAL_Driver/Src/stm32h7xx_hal_rcc_ex.o
 .comment       0x0000000000000053       0x54 ./Drivers/STM32H7xx_HAL_Driver/Src/stm32h7xx_hal_uart.o
 .comment       0x0000000000000053       0x54 ./Drivers/STM32H7xx_HAL_Driver/Src/stm32h7xx_hal_uart_ex.o

.debug_frame    0x0000000000000000     0x3458
 .debug_frame   0x0000000000000000      0x108 ./Core/Src/main.o
 .debug_frame   0x0000000000000108       0xcc ./Core/Src/stm32h7xx_hal_msp.o
 .debug_frame   0x00000000000001d4      0x120 ./Core/Src/stm32h7xx_it.o
 .debug_frame   0x00000000000002f4       0x58 ./Core/Src/system_stm32h7xx.o
 .debug_frame   0x000000000000034c      0x760 ./Drivers/STM32H7xx_HAL_Driver/Src/stm32h7xx_hal.o
 .debug_frame   0x0000000000000aac      0x4b8 ./Drivers/STM32H7xx_HAL_Driver/Src/stm32h7xx_hal_cortex.o
 .debug_frame   0x0000000000000f64      0x2b4 ./Drivers/STM32H7xx_HAL_Driver/Src/stm32h7xx_hal_dma.o
 .debug_frame   0x0000000000001218      0x7d0 ./Drivers/STM32H7xx_HAL_Driver/Src/stm32h7xx_hal_eth.o
 .debug_frame   0x00000000000019e8      0x14c ./Drivers/STM32H7xx_HAL_Driver/Src/stm32h7xx_hal_gpio.o
 .debug_frame   0x0000000000001b34      0x540 ./Drivers/STM32H7xx_HAL_Driver/Src/stm32h7xx_hal_pwr_ex.o
 .debug_frame   0x0000000000002074      0x1fc ./Drivers/STM32H7xx_HAL_Driver/Src/stm32h7xx_hal_rcc.o
 .debug_frame   0x0000000000002270      0x3f4 ./Drivers/STM32H7xx_HAL_Driver/Src/stm32h7xx_hal_rcc_ex.o
 .debug_frame   0x0000000000002664      0xa8c ./Drivers/STM32H7xx_HAL_Driver/Src/stm32h7xx_hal_uart.o
 .debug_frame   0x00000000000030f0      0x29c ./Drivers/STM32H7xx_HAL_Driver/Src/stm32h7xx_hal_uart_ex.o
 .debug_frame   0x000000000000338c       0x2c c:/st/stm32cubeide_1.7.0/stm32cubeide/plugins/com.st.stm32cube.ide.mcu.externaltools.gnu-tools-for-stm32.9-2020-q2-update.win32_2.0.0.202105311346/tools/bin/../lib/gcc/arm-none-eabi/9.3.1/../../../../arm-none-eabi/lib/thumb/v7e-m+dp/hard\libc_nano.a(lib_a-init.o)
 .debug_frame   0x00000000000033b8       0x20 c:/st/stm32cubeide_1.7.0/stm32cubeide/plugins/com.st.stm32cube.ide.mcu.externaltools.gnu-tools-for-stm32.9-2020-q2-update.win32_2.0.0.202105311346/tools/bin/../lib/gcc/arm-none-eabi/9.3.1/../../../../arm-none-eabi/lib/thumb/v7e-m+dp/hard\libc_nano.a(lib_a-memset.o)
 .debug_frame   0x00000000000033d8       0x20 c:/st/stm32cubeide_1.7.0/stm32cubeide/plugins/com.st.stm32cube.ide.mcu.externaltools.gnu-tools-for-stm32.9-2020-q2-update.win32_2.0.0.202105311346/tools/bin/../lib/gcc/arm-none-eabi/9.3.1/../../../../arm-none-eabi/lib/thumb/v7e-m+dp/hard\libc_nano.a(lib_a-strcmp.o)
 .debug_frame   0x00000000000033f8       0x2c c:/st/stm32cubeide_1.7.0/stm32cubeide/plugins/com.st.stm32cube.ide.mcu.externaltools.gnu-tools-for-stm32.9-2020-q2-update.win32_2.0.0.202105311346/tools/bin/../lib/gcc/arm-none-eabi/9.3.1/thumb/v7e-m+dp/hard\libgcc.a(_aeabi_uldivmod.o)
 .debug_frame   0x0000000000003424       0x34 c:/st/stm32cubeide_1.7.0/stm32cubeide/plugins/com.st.stm32cube.ide.mcu.externaltools.gnu-tools-for-stm32.9-2020-q2-update.win32_2.0.0.202105311346/tools/bin/../lib/gcc/arm-none-eabi/9.3.1/thumb/v7e-m+dp/hard\libgcc.a(_udivmoddi4.o)
